// Jest Snapshot v1, https://goo.gl/fbAQLP

exports[`Card component it matches the snapshot 1`] = `
<div
  className="container"
>
  <div>
    <h3>
      Test Title
    </h3>
  </div>
  <div>
    <p>
      This is a project's description
    </p>
  </div>
  <div
    className="links"
  >
    <a
      href="demoURL.com"
    >
      Demo &gt;
    </a>
    <a
      href="srcURL.com"
    >
      Source &gt;
    </a>
  </div>
</div>
`;
